[209月2026 21:37:26.774] [main/INFO] [net.neoforged.fml.startup.Entrypoint/]: JVM Uptime at startup: 336ms
[209月2026 21:37:26.791] [main/INFO] [net.neoforged.fml.loading.FMLLoader/]: Starting FancyModLoader version 11.0.15 (CLIENT in DEV)
[209月2026 21:37:26.792] [main/INFO] [net.neoforged.fml.loading.FMLLoader/]: Game directory: C:\Users\32254\Documents\GitHub\twtdlcore26.1.2\run
[209月2026 21:37:26.879] [main/INFO] [net.neoforged.fml.loading.EarlyServiceDiscovery/]: Found 2 early service jars (out of 126) in 42ms
[209月2026 21:37:26.879] [main/INFO] [net.neoforged.fml.loading.FMLLoader/]: Loading FML Early Services:
[209月2026 21:37:26.881] [main/INFO] [net.neoforged.fml.loading.FMLLoader/]:  - C:/Users/32254/.gradle/caches/modules-2/files-2.1/net.neoforged.fancymodloader/loader/11.0.15/69ddd98736a6b095783523404d1af8992842722/loader-11.0.15.jar
[209月2026 21:37:26.882] [main/INFO] [net.neoforged.fml.loading.FMLLoader/]:  - C:/Users/32254/.gradle/caches/modules-2/files-2.1/net.neoforged.fancymodloader/earlydisplay/11.0.15/b254aa4ec40828f8ce65411dcb7fb9f6ce008064/earlydisplay-11.0.15.jar
[209月2026 21:37:26.887] [main/INFO] [net.neoforged.fml.loading.ImmediateWindowHandler/]: Loading ImmediateWindowProvider fmlearlywindow
[209月2026 21:37:27.583] [ForkJoinPool.commonPool-worker-10/INFO] [net.neoforged.fml.loading.moddiscovery.locators.GameLocator/]: Detected a joined NeoForge and Minecraft configuration. Applying filtering...
[209月2026 21:37:27.683] [fml-loadingscreen/INFO] [net.neoforged.fml.earlydisplay.render.LoadingScreenRenderer/]: GL info: NVIDIA GeForce RTX 3050 Laptop GPU/PCIe/SSE2 GL version 3.3.0 NVIDIA 610.47, NVIDIA Corporation
[209月2026 21:37:27.701] [ForkJoinPool.commonPool-worker-10/INFO] [net.neoforged.fml.loading.moddiscovery.locators.InDevFolderLocator/CORE]: Got mod coordinates twtdlcore%%C:\Users\32254\Documents\GitHub\twtdlcore26.1.2\build\classes\java\main;twtdlcore%%C:\Users\32254\Documents\GitHub\twtdlcore26.1.2\build\resources\main from env
[209月2026 21:37:27.877] [ForkJoinPool.commonPool-worker-10/INFO] [net.neoforged.fml.loading.UniqueModListBuilder/]: Found 2 mod files for modid rhino, selecting rhino-2101.2.8-build.91.jar as it is the most recent based on version data:
	2101.2.8-build.91 from rhino-2101.2.8-build.91.jar
	2101.2.7-build.85 from rhino-416294-8218748.jar
[209月2026 21:37:27.878] [ForkJoinPool.commonPool-worker-10/INFO] [net.neoforged.fml.loading.UniqueModListBuilder/]: Found 2 mod files for modid guideme, selecting guideme-1173950-8204880.jar as it is the most recent based on version data:
	26.1.12-beta from guideme-1173950-8204880.jar
	26.1.11-beta from guideme-26.1.11-beta.jar
[209月2026 21:37:27.878] [ForkJoinPool.commonPool-worker-10/INFO] [net.neoforged.fml.loading.UniqueModListBuilder/]: Found 2 mod files for modid ae2, selecting appliedenergistics2-26.1.11-SNAPSHOT.jar as it is the most recent based on version data:
	26.1.11-SNAPSHOT from appliedenergistics2-26.1.11-SNAPSHOT.jar
	26.1.10-beta from applied-energistics-2-223794-8257570.jar
[209月2026 21:37:28.091] [ForkJoinPool.commonPool-worker-10/WARN] [net.neoforged.jarjar.selection.JarSelector/]: Attempted to select a dependency jar for JarJar which was passed in as source: betteradvancedtooltips. Using jar(C:/Users/32254/.gradle/caches/modules-2/files-2.1/dev.latvian.mods/better-advanced-tooltips/2601.1.0-local.1786085652/f46eb7d7b1e1d0c200d23f8950f6273a10393213/better-advanced-tooltips-2601.1.0-local.1786085652.jar)
[209月2026 21:37:28.092] [ForkJoinPool.commonPool-worker-10/INFO] [net.neoforged.fml.loading.moddiscovery.locators.JarInJarDependencyLocator/]: Found 4 dependencies adding them to mods collection
[209月2026 21:37:28.095] [ForkJoinPool.commonPool-worker-10/INFO] [net.neoforged.fml.loading.moddiscovery.ModDiscoverer/]: 
     Mod List:
		Name Version (Mod Id)

		Applied Energistics 2 26.1.11-SNAPSHOT (ae2)
		Athena 4.7.3 (athena)
		Better Advanced Tooltips 2601.1.0-local.1786085652 (betteradvancedtooltips)
		CTM 26.1.2.9 (ctm)
		GuideME 26.1.12-beta (guideme)
		Jade 26.1.10+neoforge (jade)
		Just Enough Items 29.37.0.98 (jei)
		KubeJS 26.1.2-8.0.4-mmcr (kubejs)
		Minecraft 26.1.2 (minecraft)
		Modular Machinery Community Refoxed 0.0.2+efa2122d (mmcr)
		NeoForge 26.1.2.109 (neoforge)
		registrylib 8.0.15 (registrylib)
		Rhino 2101.2.8-build.91 (rhino)
		spark 1.10.173 (spark)
		Twtdlcore 1.0.0 (twtdlcore)
[209月2026 21:37:28.443] [main/INFO] [mixin/]: SpongePowered MIXIN Subsystem Version=0.8.7 Source=file:/C:/Users/32254/.gradle/caches/modules-2/files-2.1/net.fabricmc/sponge-mixin/0.17.3+mixin.0.8.7/41c4a3984a80f4679e759fb9f495587acc5cdac7/sponge-mixin-0.17.3+mixin.0.8.7.jar Service=FML Env=CLIENT
[209月2026 21:37:28.504] [main/INFO] [net.neoforged.fml.loading.FMLLoader/]: Loading FML Plugins:
[209月2026 21:37:28.505] [main/INFO] [net.neoforged.fml.loading.FMLLoader/]:  - C:/Users/32254/.gradle/caches/modules-2/files-2.1/dev.latvian.mods/kubejs-neoforge/26.1.2-8.0.4-mmcr/63773a0be1eb7069fd72a1cf344c8c1bae7d463e/kubejs-neoforge-26.1.2-8.0.4-mmcr.jar > animated-gif-lib-for-java-animated-gif-lib-1.7.jar
[209月2026 21:37:28.507] [main/INFO] [net.neoforged.fml.loading.FMLLoader/]:  - C:/Users/32254/.gradle/caches/modules-2/files-2.1/dev.latvian.mods/kubejs-neoforge/26.1.2-8.0.4-mmcr/63773a0be1eb7069fd72a1cf344c8c1bae7d463e/kubejs-neoforge-26.1.2-8.0.4-mmcr.jar > tiny-java-server-1.0.0-build.45.jar
[209月2026 21:37:28.507] [main/INFO] [net.neoforged.fml.loading.FMLLoader/]:  - C:/Users/32254/.gradle/caches/modules-2/files-2.1/net.neoforged/neoforge/26.1.2.109/e379d9f1f45c052061fa6024a5959ad726771408/neoforge-26.1.2.109-universal.jar > net.neoforged.neoforge-coremods-26.1.2.109.jar
[209月2026 21:37:28.525] [main/WARN] [net.neoforged.fml.loading.LanguageProviderLoader/]: Mod jar(C:/Users/32254/.gradle/caches/modules-2/files-2.1/dev.latvian.mods/rhino/2101.2.8-build.91/56eab1d464ed0811c64040c64bd047df5cbc3aad/rhino-2101.2.8-build.91.jar) is using the deprecated 'lowcodefml' language loader. This warning can be fixed by simply removing the modLoader and loaderVersion settings from neoforge.mods.toml.
[209月2026 21:37:28.696] [main/INFO] [net.neoforged.fml.loading.FMLLoader/]: Building game content classloader:
 - ae2 (jar(C:/Users/32254/.gradle/caches/modules-2/files-2.1/org.appliedenergistics/appliedenergistics2/26.1.11-SNAPSHOT/e7829e91bc1c1102b47564f97311b12ef6c0b7d3/appliedenergistics2-26.1.11-SNAPSHOT.jar))
 - athena (jar(C:/Users/32254/.gradle/caches/modules-2/files-2.1/curse.maven/athena-841890/7970442/2583e9a557cca800efb356a4ca17f5dce96f762a/athena-841890-7970442.jar))
 - betteradvancedtooltips (jar(C:/Users/32254/.gradle/caches/modules-2/files-2.1/dev.latvian.mods/better-advanced-tooltips/2601.1.0-local.1786085652/f46eb7d7b1e1d0c200d23f8950f6273a10393213/better-advanced-tooltips-2601.1.0-local.1786085652.jar))
 - ctm (jar(C:/Users/32254/.gradle/caches/modules-2/files-2.1/curse.maven/ctm-lib-1568397/8876523/bf213aaa9ebfa95b21546985810b016ce20ef5a8/ctm-lib-1568397-8876523.jar))
 - guideme (jar(C:/Users/32254/.gradle/caches/modules-2/files-2.1/curse.maven/guideme-1173950/8204880/d609c5b4617369b2dc781efb149c718d03698740/guideme-1173950-8204880.jar))
 - jade (jar(C:/Users/32254/.gradle/caches/modules-2/files-2.1/curse.maven/jade-324717/8651070/9bd6f50f88688a2d524763d2362505e412785fc1/jade-324717-8651070.jar))
 - jei (jar(C:/Users/32254/.gradle/caches/modules-2/files-2.1/curse.maven/jei-238222/8837431/81418c43398058f90989a128e9ab37f597dffa91/jei-238222-8837431.jar))
 - kubejs (jar(C:/Users/32254/.gradle/caches/modules-2/files-2.1/dev.latvian.mods/kubejs-neoforge/26.1.2-8.0.4-mmcr/63773a0be1eb7069fd72a1cf344c8c1bae7d463e/kubejs-neoforge-26.1.2-8.0.4-mmcr.jar))
 - minecraft (composite(filtered(jar(C:/Users/32254/Documents/GitHub/twtdlcore26.1.2/build/moddev/artifacts/minecraft-patched-26.1.2.109.jar)), filtered(jar(C:/Users/32254/Documents/GitHub/twtdlcore26.1.2/build/moddev/artifacts/minecraft-patched-26.1.2.109.jar))))
 - mixinextras.neoforge (jar(C:/Users/32254/.gradle/caches/modules-2/files-2.1/net.neoforged/neoforge/26.1.2.109/e379d9f1f45c052061fa6024a5959ad726771408/neoforge-26.1.2.109-universal.jar > mixinextras-neoforge-0.5.4.jar))
 - mmcr (jar(C:/Users/32254/.gradle/caches/modules-2/files-2.1/cn.howxu/ModularMachinery-Community-Refoxed/0.0.2+efa2122d/a078177b07a58716e9c7e1efae552460f71c8e89/ModularMachinery-Community-Refoxed-0.0.2+efa2122d.jar))
 - neoforge (composite(filtered(jar(C:/Users/32254/.gradle/caches/modules-2/files-2.1/net.neoforged/neoforge/26.1.2.109/e379d9f1f45c052061fa6024a5959ad726771408/neoforge-26.1.2.109-universal.jar))))
 - net.neoforged.fml.generated (empty(VirtualJar/net.neoforged.fml.generated))
 - registrylib (jar(C:/Users/32254/.gradle/caches/modules-2/files-2.1/curse.maven/registrylib-1486427/8525072/65d785e973f770b1e7ecf7958cf50c028429c9b1/registrylib-1486427-8525072.jar))
 - rhino (jar(C:/Users/32254/.gradle/caches/modules-2/files-2.1/dev.latvian.mods/rhino/2101.2.8-build.91/56eab1d464ed0811c64040c64bd047df5cbc3aad/rhino-2101.2.8-build.91.jar))
 - spark (jar(C:/Users/32254/.gradle/caches/modules-2/files-2.1/curse.maven/spark-361579/8275631/c4e339e787aa32949fd56848d26cc7bbfe812ef6/spark-361579-8275631.jar))
 - twtdlcore (composite(folder(C:/Users/32254/Documents/GitHub/twtdlcore26.1.2/build/classes/java/main), folder(C:/Users/32254/Documents/GitHub/twtdlcore26.1.2/build/resources/main)))
[209月2026 21:37:28.720] [main/INFO] [net.neoforged.fml.loading.FMLLoader/]: Built game content classloader in 50ms
[209月2026 21:37:28.844] [main/INFO] [mixin/]: Compatibility level set to JAVA_25
[209月2026 21:37:29.709] [main/INFO] [MixinExtras|Service/]: Initializing MixinExtras via com.llamalad7.mixinextras.service.MixinExtrasServiceImpl(version=0.5.4).
[209月2026 21:37:31.438] [Datafixer Bootstrap/INFO] [com.mojang.datafixers.DataFixerBuilder/]: 294 Datafixer optimizations took 368 milliseconds
[209月2026 21:37:36.378] [main/WARN] [net.minecraft.commands.Commands/]: Ambiguity between arguments [teleport, location] and [teleport, destination] with inputs: [0.1 -0.5 .9, 0 0 0]
[209月2026 21:37:36.380] [main/WARN] [net.minecraft.commands.Commands/]: Ambiguity between arguments [teleport, location] and [teleport, targets] with inputs: [0.1 -0.5 .9, 0 0 0]
[209月2026 21:37:36.382] [main/WARN] [net.minecraft.commands.Commands/]: Ambiguity between arguments [teleport, destination] and [teleport, targets] with inputs: [Player, 0123, @e, dd12be42-52a9-4a91-a8a1-11c01849e498]
[209月2026 21:37:36.384] [main/WARN] [net.minecraft.commands.Commands/]: Ambiguity between arguments [teleport, targets] and [teleport, destination] with inputs: [Player, 0123, dd12be42-52a9-4a91-a8a1-11c01849e498]
[209月2026 21:37:36.385] [main/WARN] [net.minecraft.commands.Commands/]: Ambiguity between arguments [teleport, targets, location] and [teleport, targets, destination] with inputs: [0.1 -0.5 .9, 0 0 0]
[209月2026 21:37:36.386] [main/WARN] [net.minecraft.commands.Commands/]: Ambiguity between arguments [time, set, time] and [time, set, timemarker] with inputs: [0, 0s, 0d, 0t]
[209月2026 21:37:36.387] [main/WARN] [net.minecraft.commands.Commands/]: Ambiguity between arguments [time, set, timemarker] and [time, set, time] with inputs: [012]
[209月2026 21:37:36.388] [main/WARN] [net.minecraft.commands.Commands/]: Ambiguity between arguments [time, of, clock, set, time] and [time, of, clock, set, timemarker] with inputs: [0, 0s, 0d, 0t]
[209月2026 21:37:36.390] [main/WARN] [net.minecraft.commands.Commands/]: Ambiguity between arguments [time, of, clock, set, timemarker] and [time, of, clock, set, time] with inputs: [012]
[209月2026 21:37:36.391] [main/WARN] [net.minecraft.commands.Commands/]: Ambiguity between arguments [waypoint, modify, waypoint, color, reset] and [waypoint, modify, waypoint, color, color] with inputs: [reset]
[209月2026 21:37:36.475] [modloading-worker-0/INFO] [net.neoforged.neoforge.common.NeoForgeMod/NEOFORGE-MOD]: NeoForge mod loading, version 26.1.2.109, for MC 26.1.2
[209月2026 21:37:36.565] [modloading-worker-0/INFO] [mezz.jei.library.load.PluginCaller/]: Sending ConfigManager...
[209月2026 21:37:36.568] [modloading-worker-0/INFO] [mezz.jei.library.load.PluginCaller/]: Sending ConfigManager took 1.644 milliseconds
[209月2026 21:37:36.779] [modloading-worker-0/INFO] [KubeJS Startup/]: Capturing errors for startup scripts enabled
[209月2026 21:37:36.780] [modloading-worker-0/INFO] [KubeJS Client/]: Capturing errors for client scripts enabled
[209月2026 21:37:36.780] [modloading-worker-0/INFO] [KubeJS/]: Loading vanilla registries...
[209月2026 21:37:36.794] [modloading-worker-0/INFO] [KubeJS/]: Looking for KubeJS plugins...
[209月2026 21:37:36.795] [modloading-worker-0/INFO] [KubeJS/]: Found plugin source kubejs
[209月2026 21:37:36.801] [modloading-worker-0/WARN] [KubeJS/]: Plugin dev.latvian.mods.kubejs.integration.architectury.ArchitecturyIntegration does not have required mod 'architectury' loaded, skipping
[209月2026 21:37:36.802] [modloading-worker-0/INFO] [KubeJS/]: Found plugin source mmcr
[209月2026 21:37:36.807] [modloading-worker-0/INFO] [KubeJS/]: Done in 10.92 ms
[209月2026 21:37:37.074] [modloading-worker-0/INFO] [KubeJS Startup/]: startup_scripts:main.js#2: Hello, World! (Loaded startup example script)
[209月2026 21:37:37.075] [modloading-worker-0/INFO] [KubeJS Startup/]: Loaded script startup_scripts:main.js in 0.026 s
[209月2026 21:37:37.076] [modloading-worker-0/INFO] [KubeJS Startup/]: Loaded 1/1 KubeJS startup scripts in 0.265 s with 0 errors and 0 warnings
[209月2026 21:37:37.095] [modloading-worker-0/INFO] [KubeJS Client/]: client_scripts:main.js#2: Hello, World! (Loaded client example script)
[209月2026 21:37:37.095] [modloading-worker-0/INFO] [KubeJS Client/]: Loaded script client_scripts:main.js in 0.0 s
[209月2026 21:37:37.095] [modloading-worker-0/INFO] [KubeJS Client/]: Loaded 1/1 KubeJS client scripts in 0.017 s with 0 errors and 0 warnings
[209月2026 21:37:37.100] [modloading-worker-0/INFO] [KubeJS Startup/]: Validated 0 files in kubejs/assets/ in 1ms
[209月2026 21:37:37.100] [modloading-worker-0/INFO] [KubeJS Startup/]: Validated 0 files in kubejs/data/ in 0ms
[209月2026 21:37:37.993] [Render thread/INFO] [com.mojang.authlib.yggdrasil.YggdrasilAuthenticationService/]: Environment: Environment[sessionHost=https://sessionserver.mojang.com, servicesHost=https://api.minecraftservices.com, profilesHost=https://api.mojang.com, name=PROD]
[209月2026 21:37:38.010] [Render thread/INFO] [net.minecraft.client.Minecraft/]: Setting user: Dev
[209月2026 21:37:38.109] [Render thread/INFO] [net.minecraft.client.Minecraft/]: Backend library: LWJGL version 3.4.1+2
[209月2026 21:37:38.275] [Render thread/INFO] [net.minecraft.client.Minecraft/]: Using optional rendering extensions: GL_ARB_buffer_storage, GL_KHR_debug, GL_ARB_vertex_attrib_binding, GL_ARB_direct_state_access, GL_EXT_texture_filter_anisotropic
[209月2026 21:37:39.253] [modloading-worker-0/INFO] [twtdlcore/]: HELLO FROM CLIENT SETUP
[209月2026 21:37:39.253] [modloading-worker-0/INFO] [twtdlcore/]: MINECRAFT NAME >> Dev
[209月2026 21:37:39.544] [modloading-sync-worker/INFO] [KubeJS/]: Started the local web server at http://localhost:61423
[209月2026 21:37:39.603] [modloading-sync-worker/INFO] [snownee.jade.Jade/]: Start loading plugin from Jade: snownee.jade.addon.access.AccessibilityPlugin
[209月2026 21:37:39.611] [modloading-sync-worker/INFO] [snownee.jade.Jade/]: snownee.jade.addon.access.AccessibilityPlugin loaded: 7.336 ms
[209月2026 21:37:39.613] [modloading-sync-worker/INFO] [snownee.jade.Jade/]: Start loading plugin from Jade: snownee.jade.addon.core.CorePlugin
[209月2026 21:37:39.620] [modloading-sync-worker/INFO] [snownee.jade.Jade/]: snownee.jade.addon.core.CorePlugin loaded: 6.996 ms
[209月2026 21:37:39.622] [modloading-sync-worker/INFO] [snownee.jade.Jade/]: Start loading plugin from Jade: snownee.jade.addon.debug.DebugPlugin
[209月2026 21:37:39.627] [modloading-sync-worker/INFO] [snownee.jade.Jade/]: snownee.jade.addon.debug.DebugPlugin loaded: 5.533 ms
[209月2026 21:37:39.630] [modloading-sync-worker/INFO] [snownee.jade.Jade/]: Start loading plugin from Jade: snownee.jade.addon.universal.UniversalPlugin
[209月2026 21:37:39.651] [modloading-sync-worker/INFO] [snownee.jade.Jade/]: snownee.jade.addon.universal.UniversalPlugin loaded: 21.71 ms
[209月2026 21:37:39.654] [modloading-sync-worker/INFO] [snownee.jade.Jade/]: Start loading plugin from Jade: snownee.jade.addon.vanilla.VanillaPlugin
[209月2026 21:37:39.692] [modloading-sync-worker/INFO] [snownee.jade.Jade/]: snownee.jade.addon.vanilla.VanillaPlugin loaded: 37.71 ms
[209月2026 21:37:39.694] [modloading-sync-worker/INFO] [snownee.jade.Jade/]: Start loading plugin from Applied Energistics 2: appeng.integration.modules.jade.JadeModule
[209月2026 21:37:39.734] [modloading-sync-worker/INFO] [snownee.jade.Jade/]: appeng.integration.modules.jade.JadeModule loaded: 39.94 ms
[209月2026 21:37:39.736] [modloading-sync-worker/INFO] [snownee.jade.Jade/]: Start loading plugin from Modular Machinery Community Refoxed: cn.howxu.mmcr.compat.jade.JadePlugin
[209月2026 21:37:39.742] [modloading-sync-worker/INFO] [snownee.jade.Jade/]: cn.howxu.mmcr.compat.jade.JadePlugin loaded: 6.006 ms
[209月2026 21:37:39.863] [modloading-sync-worker/INFO] [KubeJS Startup/]: Capturing errors for startup scripts disabled
[209月2026 21:37:39.863] [modloading-sync-worker/INFO] [KubeJS Client/]: Capturing errors for client scripts disabled
[209月2026 21:37:40.193] [Render thread/INFO] [KubeJS/]: Loaded 22 asset packs: vanilla, KubeJS Virtual Resource Pack [Before Mods, assets], mod_resources, mod/rhino, mod/jade, mod/guideme, mod/jei, mod/ae2, mod/spark, mod/athena, mod/registrylib, mod/mmcr, mod/ctm, mod/neoforge, mod/kubejs, KubeJS Virtual Resource Pack [Internal, assets], KubeJS Virtual Resource Pack [After Mods, assets], KubeJS File Resource Pack [assets], mod/betteradvancedtooltips, mod/twtdlcore, mmcr/runtime_machine_models, KubeJS Virtual Resource Pack [Last, assets]
[209月2026 21:37:40.196] [Render thread/INFO] [net.minecraft.server.packs.resources.ReloadableResourceManager/]: Reloading ResourceManager: vanilla, KubeJS Virtual Resource Pack [Before Mods, assets], mod_resources, mod/rhino, mod/jade, mod/guideme, mod/jei, mod/ae2, mod/spark, mod/athena, mod/registrylib, mod/mmcr, mod/ctm, mod/neoforge, mod/kubejs, KubeJS Virtual Resource Pack [Internal, assets], KubeJS Virtual Resource Pack [After Mods, assets], KubeJS File Resource Pack [assets], mod/betteradvancedtooltips, mod/twtdlcore, mmcr/runtime_machine_models, KubeJS Virtual Resource Pack [Last, assets]
[209月2026 21:37:40.822] [Render thread/INFO] [KubeJS Client/]: Client resource reload complete!
[209月2026 21:37:40.974] [Render thread/INFO] [net.minecraft.client.Minecraft/]: Stopping!
[209月2026 21:37:41.188] [Render thread/INFO] [KubeJS/]: Closed KubeJS Virtual Resource Pack [Before Mods, assets]
[209月2026 21:37:41.188] [Render thread/INFO] [KubeJS/]: Closed KubeJS Virtual Resource Pack [Internal, assets]
[209月2026 21:37:41.188] [Render thread/INFO] [KubeJS/]: Closed KubeJS Virtual Resource Pack [After Mods, assets]
[209月2026 21:37:41.190] [Render thread/INFO] [KubeJS/]: Closed KubeJS Virtual Resource Pack [Last, assets]
[209月2026 21:37:41.492] [resourceLoad/WARN] [net.minecraft.client.gui.font.FontManager/]: Unable to load font 'kubejs:icons' in fonts.json in resourcepack: 'mod/kubejs'
java.lang.IllegalStateException: zip file closed
	at java.base/java.util.zip.ZipFile.ensureOpen(ZipFile.java:826) ~[?:?]
	at java.base/java.util.zip.ZipFile.getInputStream(ZipFile.java:330) ~[?:?]
	at TRANSFORMER/minecraft@26.1.2/net.minecraft.server.packs.resources.IoSupplier.lambda$create$1(IoSupplier.java:17) ~[minecraft-patched-26.1.2.109.jar:?]
	at TRANSFORMER/minecraft@26.1.2/net.minecraft.server.packs.resources.Resource.open(Resource.java:45) ~[minecraft-patched-26.1.2.109.jar:?]
	at TRANSFORMER/minecraft@26.1.2/net.minecraft.server.packs.resources.Resource.openAsReader(Resource.java:49) ~[minecraft-patched-26.1.2.109.jar:?]
	at TRANSFORMER/minecraft@26.1.2/net.minecraft.client.gui.font.FontManager.loadResourceStack(FontManager.java:241) ~[minecraft-patched-26.1.2.109.jar:?]
	at TRANSFORMER/minecraft@26.1.2/net.minecraft.client.gui.font.FontManager.lambda$prepare$0(FontManager.java:110) ~[minecraft-patched-26.1.2.109.jar:?]
	at java.base/java.util.concurrent.CompletableFuture$AsyncSupply.run(CompletableFuture.java:1789) ~[?:?]
	at TRANSFORMER/minecraft@26.1.2/net.minecraft.server.packs.resources.SimpleReloadInstance.lambda$prepareTasks$1(SimpleReloadInstance.java:68) ~[minecraft-patched-26.1.2.109.jar:?]
	at TRANSFORMER/minecraft@26.1.2/net.minecraft.TracingExecutor.lambda$forName$1(TracingExecutor.java:18) ~[minecraft-patched-26.1.2.109.jar:?]
	at java.base/java.util.concurrent.ForkJoinTask$RunnableExecuteAction.compute(ForkJoinTask.java:1750) [?:?]
	at java.base/java.util.concurrent.ForkJoinTask$RunnableExecuteAction.compute(ForkJoinTask.java:1742) [?:?]
	at java.base/java.util.concurrent.ForkJoinTask$InterruptibleTask.exec(ForkJoinTask.java:1659) [?:?]
	at java.base/java.util.concurrent.ForkJoinTask.doExec(ForkJoinTask.java:511) [?:?]
	at java.base/java.util.concurrent.ForkJoinPool$WorkQueue.topLevelExec(ForkJoinPool.java:1450) [?:?]
	at java.base/java.util.concurrent.ForkJoinPool.runWorker(ForkJoinPool.java:2019) [?:?]
	at java.base/java.util.concurrent.ForkJoinWorkerThread.run(ForkJoinWorkerThread.java:187) [?:?]
[209月2026 21:37:41.487] [resourceLoad/WARN] [net.minecraft.client.gui.font.FontManager/]: Unable to load font 'betteradvancedtooltips:icons' in fonts.json in resourcepack: 'mod/betteradvancedtooltips'
java.lang.IllegalStateException: zip file closed
	at java.base/java.util.zip.ZipFile.ensureOpen(ZipFile.java:826) ~[?:?]
	at java.base/java.util.zip.ZipFile.getInputStream(ZipFile.java:330) ~[?:?]
	at TRANSFORMER/minecraft@26.1.2/net.minecraft.server.packs.resources.IoSupplier.lambda$create$1(IoSupplier.java:17) ~[minecraft-patched-26.1.2.109.jar:?]
	at TRANSFORMER/minecraft@26.1.2/net.minecraft.server.packs.resources.Resource.open(Resource.java:45) ~[minecraft-patched-26.1.2.109.jar:?]
	at TRANSFORMER/minecraft@26.1.2/net.minecraft.server.packs.resources.Resource.openAsReader(Resource.java:49) ~[minecraft-patched-26.1.2.109.jar:?]
	at TRANSFORMER/minecraft@26.1.2/net.minecraft.client.gui.font.FontManager.loadResourceStack(FontManager.java:241) ~[minecraft-patched-26.1.2.109.jar:?]
	at TRANSFORMER/minecraft@26.1.2/net.minecraft.client.gui.font.FontManager.lambda$prepare$0(FontManager.java:110) ~[minecraft-patched-26.1.2.109.jar:?]
	at java.base/java.util.concurrent.CompletableFuture$AsyncSupply.run(CompletableFuture.java:1789) ~[?:?]
	at TRANSFORMER/minecraft@26.1.2/net.minecraft.server.packs.resources.SimpleReloadInstance.lambda$prepareTasks$1(SimpleReloadInstance.java:68) ~[minecraft-patched-26.1.2.109.jar:?]
	at TRANSFORMER/minecraft@26.1.2/net.minecraft.TracingExecutor.lambda$forName$1(TracingExecutor.java:18) ~[minecraft-patched-26.1.2.109.jar:?]
	at java.base/java.util.concurrent.ForkJoinTask$RunnableExecuteAction.compute(ForkJoinTask.java:1750) [?:?]
	at java.base/java.util.concurrent.ForkJoinTask$RunnableExecuteAction.compute(ForkJoinTask.java:1742) [?:?]
	at java.base/java.util.concurrent.ForkJoinTask$InterruptibleTask.exec(ForkJoinTask.java:1659) [?:?]
	at java.base/java.util.concurrent.ForkJoinTask.doExec(ForkJoinTask.java:511) [?:?]
	at java.base/java.util.concurrent.ForkJoinPool$WorkQueue.topLevelExec(ForkJoinPool.java:1450) [?:?]
	at java.base/java.util.concurrent.ForkJoinPool.runWorker(ForkJoinPool.java:2019) [?:?]
	at java.base/java.util.concurrent.ForkJoinWorkerThread.run(ForkJoinWorkerThread.java:187) [?:?]
[209月2026 21:37:41.491] [resourceLoad/ERROR] [net.minecraft.client.renderer.texture.atlas.SpriteResourceLoader/]: Unable to parse metadata from ae2:energy
java.lang.IllegalStateException: zip file closed
	at java.base/java.util.zip.ZipFile.ensureOpen(ZipFile.java:826) ~[?:?]
	at java.base/java.util.zip.ZipFile.getInputStream(ZipFile.java:330) ~[?:?]
	at TRANSFORMER/minecraft@26.1.2/net.minecraft.server.packs.resources.IoSupplier.lambda$create$1(IoSupplier.java:17) ~[minecraft-patched-26.1.2.109.jar:?]
	at TRANSFORMER/minecraft@26.1.2/net.minecraft.server.packs.resources.FallbackResourceManager.parseMetadata(FallbackResourceManager.java:225) ~[minecraft-patched-26.1.2.109.jar:?]
	at TRANSFORMER/minecraft@26.1.2/net.minecraft.server.packs.resources.FallbackResourceManager.lambda$convertToMetadata$0(FallbackResourceManager.java:220) ~[minecraft-patched-26.1.2.109.jar:?]
	at TRANSFORMER/minecraft@26.1.2/net.minecraft.server.packs.resources.Resource.metadata(Resource.java:54) ~[minecraft-patched-26.1.2.109.jar:?]
	at TRANSFORMER/minecraft@26.1.2/net.minecraft.client.renderer.texture.atlas.SpriteResourceLoader.lambda$create$0(SpriteResourceLoader.java:35) ~[minecraft-patched-26.1.2.109.jar:?]
	at TRANSFORMER/minecraft@26.1.2/net.minecraft.client.renderer.texture.atlas.SpriteResourceLoader.loadSprite(SpriteResourceLoader.java:76) ~[minecraft-patched-26.1.2.109.jar:?]
	at TRANSFORMER/minecraft@26.1.2/net.minecraft.client.renderer.texture.atlas.SpriteSource$Output.lambda$add$0(SpriteSource.java:37) ~[minecraft-patched-26.1.2.109.jar:?]
	at TRANSFORMER/minecraft@26.1.2/net.minecraft.client.renderer.texture.SpriteLoader.lambda$runSpriteSuppliers$1(SpriteLoader.java:123) ~[minecraft-patched-26.1.2.109.jar:?]
	at java.base/java.util.concurrent.CompletableFuture$AsyncSupply.run(CompletableFuture.java:1789) ~[?:?]
	at TRANSFORMER/minecraft@26.1.2/net.minecraft.server.packs.resources.SimpleReloadInstance.lambda$prepareTasks$1(SimpleReloadInstance.java:68) ~[minecraft-patched-26.1.2.109.jar:?]
	at TRANSFORMER/minecraft@26.1.2/net.minecraft.TracingExecutor.lambda$forName$1(TracingExecutor.java:18) ~[minecraft-patched-26.1.2.109.jar:?]
	at java.base/java.util.concurrent.ForkJoinTask$RunnableExecuteAction.compute(ForkJoinTask.java:1750) [?:?]
	at java.base/java.util.concurrent.ForkJoinTask$RunnableExecuteAction.compute(ForkJoinTask.java:1742) [?:?]
	at java.base/java.util.concurrent.ForkJoinTask$InterruptibleTask.exec(ForkJoinTask.java:1659) [?:?]
	at java.base/java.util.concurrent.ForkJoinTask.doExec(ForkJoinTask.java:511) [?:?]
	at java.base/java.util.concurrent.ForkJoinPool$WorkQueue.topLevelExec(ForkJoinPool.java:1450) [?:?]
	at java.base/java.util.concurrent.ForkJoinPool.runWorker(ForkJoinPool.java:2019) [?:?]
	at java.base/java.util.concurrent.ForkJoinWorkerThread.run(ForkJoinWorkerThread.java:187) [?:?]
[209月2026 21:37:41.573] [resourceLoad/INFO] [net.minecraft.client.gui.font.providers.UnihexProvider/]: Found unifont_all_no_pua-17.0.01.hex, loading
[209月2026 21:37:41.575] [resourceLoad/ERROR] [net.minecraft.client.renderer.texture.atlas.SpriteResourceLoader/]: Unable to parse metadata from ae2:item/quantum_entangled_singularity
java.lang.IllegalStateException: zip file closed
	at java.base/java.util.zip.ZipFile.ensureOpen(ZipFile.java:826) ~[?:?]
	at java.base/java.util.zip.ZipFile.getInputStream(ZipFile.java:330) ~[?:?]
	at TRANSFORMER/minecraft@26.1.2/net.minecraft.server.packs.resources.IoSupplier.lambda$create$1(IoSupplier.java:17) ~[minecraft-patched-26.1.2.109.jar:?]
	at TRANSFORMER/minecraft@26.1.2/net.minecraft.server.packs.resources.FallbackResourceManager.parseMetadata(FallbackResourceManager.java:225) ~[minecraft-patched-26.1.2.109.jar:?]
	at TRANSFORMER/minecraft@26.1.2/net.minecraft.server.packs.resources.FallbackResourceManager.lambda$convertToMetadata$0(FallbackResourceManager.java:220) ~[minecraft-patched-26.1.2.109.jar:?]
	at TRANSFORMER/minecraft@26.1.2/net.minecraft.server.packs.resources.Resource.metadata(Resource.java:54) ~[minecraft-patched-26.1.2.109.jar:?]
	at TRANSFORMER/minecraft@26.1.2/net.minecraft.client.renderer.texture.atlas.SpriteResourceLoader.lambda$create$0(SpriteResourceLoader.java:35) ~[minecraft-patched-26.1.2.109.jar:?]
	at TRANSFORMER/minecraft@26.1.2/net.minecraft.client.renderer.texture.atlas.SpriteResourceLoader.loadSprite(SpriteResourceLoader.java:76) ~[minecraft-patched-26.1.2.109.jar:?]
	at TRANSFORMER/minecraft@26.1.2/net.minecraft.client.renderer.texture.atlas.SpriteSource$Output.lambda$add$0(SpriteSource.java:37) ~[minecraft-patched-26.1.2.109.jar:?]
	at TRANSFORMER/minecraft@26.1.2/net.minecraft.client.renderer.texture.SpriteLoader.lambda$runSpriteSuppliers$1(SpriteLoader.java:123) ~[minecraft-patched-26.1.2.109.jar:?]
	at java.base/java.util.concurrent.CompletableFuture$AsyncSupply.run(CompletableFuture.java:1789) ~[?:?]
	at TRANSFORMER/minecraft@26.1.2/net.minecraft.server.packs.resources.SimpleReloadInstance.lambda$prepareTasks$1(SimpleReloadInstance.java:68) ~[minecraft-patched-26.1.2.109.jar:?]
	at TRANSFORMER/minecraft@26.1.2/net.minecraft.TracingExecutor.lambda$forName$1(TracingExecutor.java:18) ~[minecraft-patched-26.1.2.109.jar:?]
	at java.base/java.util.concurrent.ForkJoinTask$RunnableExecuteAction.compute(ForkJoinTask.java:1750) [?:?]
	at java.base/java.util.concurrent.ForkJoinTask$RunnableExecuteAction.compute(ForkJoinTask.java:1742) [?:?]
	at java.base/java.util.concurrent.ForkJoinTask$InterruptibleTask.exec(ForkJoinTask.java:1659) [?:?]
	at java.base/java.util.concurrent.ForkJoinTask.doExec(ForkJoinTask.java:511) [?:?]
	at java.base/java.util.concurrent.ForkJoinPool$WorkQueue.topLevelExec(ForkJoinPool.java:1450) [?:?]
	at java.base/java.util.concurrent.ForkJoinPool.runWorker(ForkJoinPool.java:2019) [?:?]
	at java.base/java.util.concurrent.ForkJoinWorkerThread.run(ForkJoinWorkerThread.java:187) [?:?]
[209月2026 21:37:41.577] [resourceLoad/ERROR] [net.minecraft.client.renderer.texture.atlas.SpriteResourceLoader/]: Unable to parse metadata from ae2:item/singularity
java.lang.IllegalStateException: zip file closed
	at java.base/java.util.zip.ZipFile.ensureOpen(ZipFile.java:826) ~[?:?]
	at java.base/java.util.zip.ZipFile.getInputStream(ZipFile.java:330) ~[?:?]
	at TRANSFORMER/minecraft@26.1.2/net.minecraft.server.packs.resources.IoSupplier.lambda$create$1(IoSupplier.java:17) ~[minecraft-patched-26.1.2.109.jar:?]
	at TRANSFORMER/minecraft@26.1.2/net.minecraft.server.packs.resources.FallbackResourceManager.parseMetadata(FallbackResourceManager.java:225) ~[minecraft-patched-26.1.2.109.jar:?]
	at TRANSFORMER/minecraft@26.1.2/net.minecraft.server.packs.resources.FallbackResourceManager.lambda$convertToMetadata$0(FallbackResourceManager.java:220) ~[minecraft-patched-26.1.2.109.jar:?]
	at TRANSFORMER/minecraft@26.1.2/net.minecraft.server.packs.resources.Resource.metadata(Resource.java:54) ~[minecraft-patched-26.1.2.109.jar:?]
	at TRANSFORMER/minecraft@26.1.2/net.minecraft.client.renderer.texture.atlas.SpriteResourceLoader.lambda$create$0(SpriteResourceLoader.java:35) ~[minecraft-patched-26.1.2.109.jar:?]
	at TRANSFORMER/minecraft@26.1.2/net.minecraft.client.renderer.texture.atlas.SpriteResourceLoader.loadSprite(SpriteResourceLoader.java:76) ~[minecraft-patched-26.1.2.109.jar:?]
	at TRANSFORMER/minecraft@26.1.2/net.minecraft.client.renderer.texture.atlas.SpriteSource$Output.lambda$add$0(SpriteSource.java:37) ~[minecraft-patched-26.1.2.109.jar:?]
	at TRANSFORMER/minecraft@26.1.2/net.minecraft.client.renderer.texture.SpriteLoader.lambda$runSpriteSuppliers$1(SpriteLoader.java:123) ~[minecraft-patched-26.1.2.109.jar:?]
	at java.base/java.util.concurrent.CompletableFuture$AsyncSupply.run(CompletableFuture.java:1789) ~[?:?]
	at TRANSFORMER/minecraft@26.1.2/net.minecraft.server.packs.resources.SimpleReloadInstance.lambda$prepareTasks$1(SimpleReloadInstance.java:68) ~[minecraft-patched-26.1.2.109.jar:?]
	at TRANSFORMER/minecraft@26.1.2/net.minecraft.TracingExecutor.lambda$forName$1(TracingExecutor.java:18) ~[minecraft-patched-26.1.2.109.jar:?]
	at java.base/java.util.concurrent.ForkJoinTask$RunnableExecuteAction.compute(ForkJoinTask.java:1750) [?:?]
	at java.base/java.util.concurrent.ForkJoinTask$RunnableExecuteAction.compute(ForkJoinTask.java:1742) [?:?]
	at java.base/java.util.concurrent.ForkJoinTask$InterruptibleTask.exec(ForkJoinTask.java:1659) [?:?]
	at java.base/java.util.concurrent.ForkJoinTask.doExec(ForkJoinTask.java:511) [?:?]
	at java.base/java.util.concurrent.ForkJoinPool$WorkQueue.topLevelExec(ForkJoinPool.java:1450) [?:?]
	at java.base/java.util.concurrent.ForkJoinPool.runWorker(ForkJoinPool.java:2019) [?:?]
	at java.base/java.util.concurrent.ForkJoinWorkerThread.run(ForkJoinWorkerThread.java:187) [?:?]
[209月2026 21:37:41.584] [resourceLoad/INFO] [net.minecraft.client.gui.font.providers.UnihexProvider/]: Found unifont_pua-17.0.01.hex, loading
[209月2026 21:37:41.582] [resourceLoad/WARN] [net.minecraft.client.gui.font.FontManager/]: Unable to load font 'betteradvancedtooltips:tags' in fonts.json in resourcepack: 'mod/betteradvancedtooltips'
java.lang.IllegalStateException: zip file closed
	at java.base/java.util.zip.ZipFile.ensureOpen(ZipFile.java:826) ~[?:?]
	at java.base/java.util.zip.ZipFile.getInputStream(ZipFile.java:330) ~[?:?]
	at TRANSFORMER/minecraft@26.1.2/net.minecraft.server.packs.resources.IoSupplier.lambda$create$1(IoSupplier.java:17) ~[minecraft-patched-26.1.2.109.jar:?]
	at TRANSFORMER/minecraft@26.1.2/net.minecraft.server.packs.resources.Resource.open(Resource.java:45) ~[minecraft-patched-26.1.2.109.jar:?]
	at TRANSFORMER/minecraft@26.1.2/net.minecraft.server.packs.resources.Resource.openAsReader(Resource.java:49) ~[minecraft-patched-26.1.2.109.jar:?]
	at TRANSFORMER/minecraft@26.1.2/net.minecraft.client.gui.font.FontManager.loadResourceStack(FontManager.java:241) ~[minecraft-patched-26.1.2.109.jar:?]
	at TRANSFORMER/minecraft@26.1.2/net.minecraft.client.gui.font.FontManager.lambda$prepare$0(FontManager.java:110) ~[minecraft-patched-26.1.2.109.jar:?]
	at java.base/java.util.concurrent.CompletableFuture$AsyncSupply.run(CompletableFuture.java:1789) ~[?:?]
	at TRANSFORMER/minecraft@26.1.2/net.minecraft.server.packs.resources.SimpleReloadInstance.lambda$prepareTasks$1(SimpleReloadInstance.java:68) ~[minecraft-patched-26.1.2.109.jar:?]
	at TRANSFORMER/minecraft@26.1.2/net.minecraft.TracingExecutor.lambda$forName$1(TracingExecutor.java:18) ~[minecraft-patched-26.1.2.109.jar:?]
	at java.base/java.util.concurrent.ForkJoinTask$RunnableExecuteAction.compute(ForkJoinTask.java:1750) [?:?]
	at java.base/java.util.concurrent.ForkJoinTask$RunnableExecuteAction.compute(ForkJoinTask.java:1742) [?:?]
	at java.base/java.util.concurrent.ForkJoinTask$InterruptibleTask.exec(ForkJoinTask.java:1659) [?:?]
	at java.base/java.util.concurrent.ForkJoinTask.doExec(ForkJoinTask.java:511) [?:?]
	at java.base/java.util.concurrent.ForkJoinPool$WorkQueue.topLevelExec(ForkJoinPool.java:1450) [?:?]
	at java.base/java.util.concurrent.ForkJoinPool.runWorker(ForkJoinPool.java:2019) [?:?]
	at java.base/java.util.concurrent.ForkJoinWorkerThread.run(ForkJoinWorkerThread.java:187) [?:?]
[209月2026 21:37:41.635] [resourceLoad/ERROR] [net.minecraft.client.renderer.texture.atlas.SpriteResourceLoader/]: Unable to parse metadata from ae2:item/fluix_dust
java.lang.IllegalStateException: zip file closed
	at java.base/java.util.zip.ZipFile.ensureOpen(ZipFile.java:826) ~[?:?]
	at java.base/java.util.zip.ZipFile.getInputStream(ZipFile.java:330) ~[?:?]
	at TRANSFORMER/minecraft@26.1.2/net.minecraft.server.packs.resources.IoSupplier.lambda$create$1(IoSupplier.java:17) ~[minecraft-patched-26.1.2.109.jar:?]
	at TRANSFORMER/minecraft@26.1.2/net.minecraft.server.packs.resources.FallbackResourceManager.parseMetadata(FallbackResourceManager.java:225) ~[minecraft-patched-26.1.2.109.jar:?]
	at TRANSFORMER/minecraft@26.1.2/net.minecraft.server.packs.resources.FallbackResourceManager.lambda$convertToMetadata$0(FallbackResourceManager.java:220) ~[minecraft-patched-26.1.2.109.jar:?]
	at TRANSFORMER/minecraft@26.1.2/net.minecraft.server.packs.resources.Resource.metadata(Resource.java:54) ~[minecraft-patched-26.1.2.109.jar:?]
	at TRANSFORMER/minecraft@26.1.2/net.minecraft.client.renderer.texture.atlas.SpriteResourceLoader.lambda$create$0(SpriteResourceLoader.java:35) ~[minecraft-patched-26.1.2.109.jar:?]
	at TRANSFORMER/minecraft@26.1.2/net.minecraft.client.renderer.texture.atlas.SpriteResourceLoader.loadSprite(SpriteResourceLoader.java:76) ~[minecraft-patched-26.1.2.109.jar:?]
	at TRANSFORMER/minecraft@26.1.2/net.minecraft.client.renderer.texture.atlas.SpriteSource$Output.lambda$add$0(SpriteSource.java:37) ~[minecraft-patched-26.1.2.109.jar:?]
	at TRANSFORMER/minecraft@26.1.2/net.minecraft.client.renderer.texture.SpriteLoader.lambda$runSpriteSuppliers$1(SpriteLoader.java:123) ~[minecraft-patched-26.1.2.109.jar:?]
	at java.base/java.util.concurrent.CompletableFuture$AsyncSupply.run(CompletableFuture.java:1789) ~[?:?]
	at TRANSFORMER/minecraft@26.1.2/net.minecraft.server.packs.resources.SimpleReloadInstance.lambda$prepareTasks$1(SimpleReloadInstance.java:68) ~[minecraft-patched-26.1.2.109.jar:?]
	at TRANSFORMER/minecraft@26.1.2/net.minecraft.TracingExecutor.lambda$forName$1(TracingExecutor.java:18) ~[minecraft-patched-26.1.2.109.jar:?]
	at java.base/java.util.concurrent.ForkJoinTask$RunnableExecuteAction.compute(ForkJoinTask.java:1750) [?:?]
	at java.base/java.util.concurrent.ForkJoinTask$RunnableExecuteAction.compute(ForkJoinTask.java:1742) [?:?]
	at java.base/java.util.concurrent.ForkJoinTask$InterruptibleTask.exec(ForkJoinTask.java:1659) [?:?]
	at java.base/java.util.concurrent.ForkJoinTask.doExec(ForkJoinTask.java:511) [?:?]
	at java.base/java.util.concurrent.ForkJoinPool$WorkQueue.topLevelExec(ForkJoinPool.java:1450) [?:?]
	at java.base/java.util.concurrent.ForkJoinPool.runWorker(ForkJoinPool.java:2019) [?:?]
	at java.base/java.util.concurrent.ForkJoinWorkerThread.run(ForkJoinWorkerThread.java:187) [?:?]
[209月2026 21:37:41.745] [resourceLoad/INFO] [net.minecraft.client.gui.font.providers.UnihexProvider/]: Found unifont_jp_patch-17.0.01.hex, loading
[209月2026 21:37:41.749] [resourceLoad/ERROR] [net.minecraft.client.renderer.texture.atlas.SpriteResourceLoader/]: Unable to parse metadata from ae2:item/charged_staff
java.lang.IllegalStateException: zip file closed
	at java.base/java.util.zip.ZipFile.ensureOpen(ZipFile.java:826) ~[?:?]
	at java.base/java.util.zip.ZipFile.getInputStream(ZipFile.java:330) ~[?:?]
	at TRANSFORMER/minecraft@26.1.2/net.minecraft.server.packs.resources.IoSupplier.lambda$create$1(IoSupplier.java:17) ~[minecraft-patched-26.1.2.109.jar:?]
	at TRANSFORMER/minecraft@26.1.2/net.minecraft.server.packs.resources.FallbackResourceManager.parseMetadata(FallbackResourceManager.java:225) ~[minecraft-patched-26.1.2.109.jar:?]
	at TRANSFORMER/minecraft@26.1.2/net.minecraft.server.packs.resources.FallbackResourceManager.lambda$convertToMetadata$0(FallbackResourceManager.java:220) ~[minecraft-patched-26.1.2.109.jar:?]
	at TRANSFORMER/minecraft@26.1.2/net.minecraft.server.packs.resources.Resource.metadata(Resource.java:54) ~[minecraft-patched-26.1.2.109.jar:?]
	at TRANSFORMER/minecraft@26.1.2/net.minecraft.client.renderer.texture.atlas.SpriteResourceLoader.lambda$create$0(SpriteResourceLoader.java:35) ~[minecraft-patched-26.1.2.109.jar:?]
	at TRANSFORMER/minecraft@26.1.2/net.minecraft.client.renderer.texture.atlas.SpriteResourceLoader.loadSprite(SpriteResourceLoader.java:76) ~[minecraft-patched-26.1.2.109.jar:?]
	at TRANSFORMER/minecraft@26.1.2/net.minecraft.client.renderer.texture.atlas.SpriteSource$Output.lambda$add$0(SpriteSource.java:37) ~[minecraft-patched-26.1.2.109.jar:?]
	at TRANSFORMER/minecraft@26.1.2/net.minecraft.client.renderer.texture.SpriteLoader.lambda$runSpriteSuppliers$1(SpriteLoader.java:123) ~[minecraft-patched-26.1.2.109.jar:?]
	at java.base/java.util.concurrent.CompletableFuture$AsyncSupply.run(CompletableFuture.java:1789) ~[?:?]
	at TRANSFORMER/minecraft@26.1.2/net.minecraft.server.packs.resources.SimpleReloadInstance.lambda$prepareTasks$1(SimpleReloadInstance.java:68) ~[minecraft-patched-26.1.2.109.jar:?]
	at TRANSFORMER/minecraft@26.1.2/net.minecraft.TracingExecutor.lambda$forName$1(TracingExecutor.java:18) ~[minecraft-patched-26.1.2.109.jar:?]
	at java.base/java.util.concurrent.ForkJoinTask$RunnableExecuteAction.compute(ForkJoinTask.java:1750) [?:?]
	at java.base/java.util.concurrent.ForkJoinTask$RunnableExecuteAction.compute(ForkJoinTask.java:1742) [?:?]
	at java.base/java.util.concurrent.ForkJoinTask$InterruptibleTask.exec(ForkJoinTask.java:1659) [?:?]
	at java.base/java.util.concurrent.ForkJoinTask.doExec(ForkJoinTask.java:511) [?:?]
	at java.base/java.util.concurrent.ForkJoinPool$WorkQueue.topLevelExec(ForkJoinPool.java:1450) [?:?]
	at java.base/java.util.concurrent.ForkJoinPool.runWorker(ForkJoinPool.java:2019) [?:?]
	at java.base/java.util.concurrent.ForkJoinWorkerThread.run(ForkJoinWorkerThread.java:187) [?:?]
[209月2026 21:37:41.771] [resourceLoad/ERROR] [net.minecraft.client.renderer.texture.atlas.SpriteResourceLoader/]: Unable to parse metadata from ae2:item/annihilation_core
java.lang.IllegalStateException: zip file closed
	at java.base/java.util.zip.ZipFile.ensureOpen(ZipFile.java:826) ~[?:?]
	at java.base/java.util.zip.ZipFile.getInputStream(ZipFile.java:330) ~[?:?]
	at TRANSFORMER/minecraft@26.1.2/net.minecraft.server.packs.resources.IoSupplier.lambda$create$1(IoSupplier.java:17) ~[minecraft-patched-26.1.2.109.jar:?]
	at TRANSFORMER/minecraft@26.1.2/net.minecraft.server.packs.resources.FallbackResourceManager.parseMetadata(FallbackResourceManager.java:225) ~[minecraft-patched-26.1.2.109.jar:?]
	at TRANSFORMER/minecraft@26.1.2/net.minecraft.server.packs.resources.FallbackResourceManager.lambda$convertToMetadata$0(FallbackResourceManager.java:220) ~[minecraft-patched-26.1.2.109.jar:?]
	at TRANSFORMER/minecraft@26.1.2/net.minecraft.server.packs.resources.Resource.metadata(Resource.java:54) ~[minecraft-patched-26.1.2.109.jar:?]
	at TRANSFORMER/minecraft@26.1.2/net.minecraft.client.renderer.texture.atlas.SpriteResourceLoader.lambda$create$0(SpriteResourceLoader.java:35) ~[minecraft-patched-26.1.2.109.jar:?]
	at TRANSFORMER/minecraft@26.1.2/net.minecraft.client.renderer.texture.atlas.SpriteResourceLoader.loadSprite(SpriteResourceLoader.java:76) ~[minecraft-patched-26.1.2.109.jar:?]
	at TRANSFORMER/minecraft@26.1.2/net.minecraft.client.renderer.texture.atlas.SpriteSource$Output.lambda$add$0(SpriteSource.java:37) ~[minecraft-patched-26.1.2.109.jar:?]
	at TRANSFORMER/minecraft@26.1.2/net.minecraft.client.renderer.texture.SpriteLoader.lambda$runSpriteSuppliers$1(SpriteLoader.java:123) ~[minecraft-patched-26.1.2.109.jar:?]
	at java.base/java.util.concurrent.CompletableFuture$AsyncSupply.run(CompletableFuture.java:1789) ~[?:?]
	at TRANSFORMER/minecraft@26.1.2/net.minecraft.server.packs.resources.SimpleReloadInstance.lambda$prepareTasks$1(SimpleReloadInstance.java:68) ~[minecraft-patched-26.1.2.109.jar:?]
	at TRANSFORMER/minecraft@26.1.2/net.minecraft.TracingExecutor.lambda$forName$1(TracingExecutor.java:18) ~[minecraft-patched-26.1.2.109.jar:?]
	at java.base/java.util.concurrent.ForkJoinTask$RunnableExecuteAction.compute(ForkJoinTask.java:1750) [?:?]
	at java.base/java.util.concurrent.ForkJoinTask$RunnableExecuteAction.compute(ForkJoinTask.java:1742) [?:?]
	at java.base/java.util.concurrent.ForkJoinTask$InterruptibleTask.exec(ForkJoinTask.java:1659) [?:?]
	at java.base/java.util.concurrent.ForkJoinTask.doExec(ForkJoinTask.java:511) [?:?]
	at java.base/java.util.concurrent.ForkJoinPool$WorkQueue.topLevelExec(ForkJoinPool.java:1450) [?:?]
	at java.base/java.util.concurrent.ForkJoinPool.runWorker(ForkJoinPool.java:2019) [?:?]
	at java.base/java.util.concurrent.ForkJoinWorkerThread.run(ForkJoinWorkerThread.java:187) [?:?]
[209月2026 21:37:41.772] [resourceLoad/ERROR] [net.minecraft.client.renderer.texture.atlas.SpriteResourceLoader/]: Unable to parse metadata from ae2:item/fluix_pearl
java.lang.IllegalStateException: zip file closed
	at java.base/java.util.zip.ZipFile.ensureOpen(ZipFile.java:826) ~[?:?]
	at java.base/java.util.zip.ZipFile.getInputStream(ZipFile.java:330) ~[?:?]
	at TRANSFORMER/minecraft@26.1.2/net.minecraft.server.packs.resources.IoSupplier.lambda$create$1(IoSupplier.java:17) ~[minecraft-patched-26.1.2.109.jar:?]
	at TRANSFORMER/minecraft@26.1.2/net.minecraft.server.packs.resources.FallbackResourceManager.parseMetadata(FallbackResourceManager.java:225) ~[minecraft-patched-26.1.2.109.jar:?]
	at TRANSFORMER/minecraft@26.1.2/net.minecraft.server.packs.resources.FallbackResourceManager.lambda$convertToMetadata$0(FallbackResourceManager.java:220) ~[minecraft-patched-26.1.2.109.jar:?]
	at TRANSFORMER/minecraft@26.1.2/net.minecraft.server.packs.resources.Resource.metadata(Resource.java:54) ~[minecraft-patched-26.1.2.109.jar:?]
	at TRANSFORMER/minecraft@26.1.2/net.minecraft.client.renderer.texture.atlas.SpriteResourceLoader.lambda$create$0(SpriteResourceLoader.java:35) ~[minecraft-patched-26.1.2.109.jar:?]
	at TRANSFORMER/minecraft@26.1.2/net.minecraft.client.renderer.texture.atlas.SpriteResourceLoader.loadSprite(SpriteResourceLoader.java:76) ~[minecraft-patched-26.1.2.109.jar:?]
	at TRANSFORMER/minecraft@26.1.2/net.minecraft.client.renderer.texture.atlas.SpriteSource$Output.lambda$add$0(SpriteSource.java:37) ~[minecraft-patched-26.1.2.109.jar:?]
	at TRANSFORMER/minecraft@26.1.2/net.minecraft.client.renderer.texture.SpriteLoader.lambda$runSpriteSuppliers$1(SpriteLoader.java:123) ~[minecraft-patched-26.1.2.109.jar:?]
	at java.base/java.util.concurrent.CompletableFuture$AsyncSupply.run(CompletableFuture.java:1789) ~[?:?]
	at TRANSFORMER/minecraft@26.1.2/net.minecraft.server.packs.resources.SimpleReloadInstance.lambda$prepareTasks$1(SimpleReloadInstance.java:68) ~[minecraft-patched-26.1.2.109.jar:?]
	at TRANSFORMER/minecraft@26.1.2/net.minecraft.TracingExecutor.lambda$forName$1(TracingExecutor.java:18) ~[minecraft-patched-26.1.2.109.jar:?]
	at java.base/java.util.concurrent.ForkJoinTask$RunnableExecuteAction.compute(ForkJoinTask.java:1750) [?:?]
	at java.base/java.util.concurrent.ForkJoinTask$RunnableExecuteAction.compute(ForkJoinTask.java:1742) [?:?]
	at java.base/java.util.concurrent.ForkJoinTask$InterruptibleTask.exec(ForkJoinTask.java:1659) [?:?]
	at java.base/java.util.concurrent.ForkJoinTask.doExec(ForkJoinTask.java:511) [?:?]
	at java.base/java.util.concurrent.ForkJoinPool$WorkQueue.topLevelExec(ForkJoinPool.java:1450) [?:?]
	at java.base/java.util.concurrent.ForkJoinPool.runWorker(ForkJoinPool.java:2019) [?:?]
	at java.base/java.util.concurrent.ForkJoinWorkerThread.run(ForkJoinWorkerThread.java:187) [?:?]
[209月2026 21:37:41.788] [resourceLoad/ERROR] [net.minecraft.client.renderer.texture.atlas.SpriteResourceLoader/]: Unable to parse metadata from ae2:item/paint_ball_shimmer
java.lang.IllegalStateException: zip file closed
	at java.base/java.util.zip.ZipFile.ensureOpen(ZipFile.java:826) ~[?:?]
	at java.base/java.util.zip.ZipFile.getInputStream(ZipFile.java:330) ~[?:?]
	at TRANSFORMER/minecraft@26.1.2/net.minecraft.server.packs.resources.IoSupplier.lambda$create$1(IoSupplier.java:17) ~[minecraft-patched-26.1.2.109.jar:?]
	at TRANSFORMER/minecraft@26.1.2/net.minecraft.server.packs.resources.FallbackResourceManager.parseMetadata(FallbackResourceManager.java:225) ~[minecraft-patched-26.1.2.109.jar:?]
	at TRANSFORMER/minecraft@26.1.2/net.minecraft.server.packs.resources.FallbackResourceManager.lambda$convertToMetadata$0(FallbackResourceManager.java:220) ~[minecraft-patched-26.1.2.109.jar:?]
	at TRANSFORMER/minecraft@26.1.2/net.minecraft.server.packs.resources.Resource.metadata(Resource.java:54) ~[minecraft-patched-26.1.2.109.jar:?]
	at TRANSFORMER/minecraft@26.1.2/net.minecraft.client.renderer.texture.atlas.SpriteResourceLoader.lambda$create$0(SpriteResourceLoader.java:35) ~[minecraft-patched-26.1.2.109.jar:?]
	at TRANSFORMER/minecraft@26.1.2/net.minecraft.client.renderer.texture.atlas.SpriteResourceLoader.loadSprite(SpriteResourceLoader.java:76) ~[minecraft-patched-26.1.2.109.jar:?]
	at TRANSFORMER/minecraft@26.1.2/net.minecraft.client.renderer.texture.atlas.SpriteSource$Output.lambda$add$0(SpriteSource.java:37) ~[minecraft-patched-26.1.2.109.jar:?]
	at TRANSFORMER/minecraft@26.1.2/net.minecraft.client.renderer.texture.SpriteLoader.lambda$runSpriteSuppliers$1(SpriteLoader.java:123) ~[minecraft-patched-26.1.2.109.jar:?]
	at java.base/java.util.concurrent.CompletableFuture$AsyncSupply.run(CompletableFuture.java:1789) ~[?:?]
	at TRANSFORMER/minecraft@26.1.2/net.minecraft.server.packs.resources.SimpleReloadInstance.lambda$prepareTasks$1(SimpleReloadInstance.java:68) ~[minecraft-patched-26.1.2.109.jar:?]
	at TRANSFORMER/minecraft@26.1.2/net.minecraft.TracingExecutor.lambda$forName$1(TracingExecutor.java:18) ~[minecraft-patched-26.1.2.109.jar:?]
	at java.base/java.util.concurrent.ForkJoinTask$RunnableExecuteAction.compute(ForkJoinTask.java:1750) [?:?]
	at java.base/java.util.concurrent.ForkJoinTask$RunnableExecuteAction.compute(ForkJoinTask.java:1742) [?:?]
	at java.base/java.util.concurrent.ForkJoinTask$InterruptibleTask.exec(ForkJoinTask.java:1659) [?:?]
	at java.base/java.util.concurrent.ForkJoinTask.doExec(ForkJoinTask.java:511) [?:?]
	at java.base/java.util.concurrent.ForkJoinPool$WorkQueue.topLevelExec(ForkJoinPool.java:1450) [?:?]
	at java.base/java.util.concurrent.ForkJoinPool.runWorker(ForkJoinPool.java:2019) [?:?]
	at java.base/java.util.concurrent.ForkJoinWorkerThread.run(ForkJoinWorkerThread.java:187) [?:?]
[209月2026 21:37:41.800] [resourceLoad/ERROR] [net.minecraft.client.renderer.texture.atlas.SpriteResourceLoader/]: Unable to parse metadata from mmcr:item/thread_disperser
java.lang.IllegalStateException: zip file closed
	at java.base/java.util.zip.ZipFile.ensureOpen(ZipFile.java:826) ~[?:?]
	at java.base/java.util.zip.ZipFile.getInputStream(ZipFile.java:330) ~[?:?]
	at TRANSFORMER/minecraft@26.1.2/net.minecraft.server.packs.resources.IoSupplier.lambda$create$1(IoSupplier.java:17) ~[minecraft-patched-26.1.2.109.jar:?]
	at TRANSFORMER/minecraft@26.1.2/net.minecraft.server.packs.resources.FallbackResourceManager.parseMetadata(FallbackResourceManager.java:225) ~[minecraft-patched-26.1.2.109.jar:?]
	at TRANSFORMER/minecraft@26.1.2/net.minecraft.server.packs.resources.FallbackResourceManager.lambda$convertToMetadata$0(FallbackResourceManager.java:220) ~[minecraft-patched-26.1.2.109.jar:?]
	at TRANSFORMER/minecraft@26.1.2/net.minecraft.server.packs.resources.Resource.metadata(Resource.java:54) ~[minecraft-patched-26.1.2.109.jar:?]
	at TRANSFORMER/minecraft@26.1.2/net.minecraft.client.renderer.texture.atlas.SpriteResourceLoader.lambda$create$0(SpriteResourceLoader.java:35) ~[minecraft-patched-26.1.2.109.jar:?]
	at TRANSFORMER/minecraft@26.1.2/net.minecraft.client.renderer.texture.atlas.SpriteResourceLoader.loadSprite(SpriteResourceLoader.java:76) ~[minecraft-patched-26.1.2.109.jar:?]
	at TRANSFORMER/minecraft@26.1.2/net.minecraft.client.renderer.texture.atlas.SpriteSource$Output.lambda$add$0(SpriteSource.java:37) ~[minecraft-patched-26.1.2.109.jar:?]
	at TRANSFORMER/minecraft@26.1.2/net.minecraft.client.renderer.texture.SpriteLoader.lambda$runSpriteSuppliers$1(SpriteLoader.java:123) ~[minecraft-patched-26.1.2.109.jar:?]
	at java.base/java.util.concurrent.CompletableFuture$AsyncSupply.run(CompletableFuture.java:1789) ~[?:?]
	at TRANSFORMER/minecraft@26.1.2/net.minecraft.server.packs.resources.SimpleReloadInstance.lambda$prepareTasks$1(SimpleReloadInstance.java:68) ~[minecraft-patched-26.1.2.109.jar:?]
	at TRANSFORMER/minecraft@26.1.2/net.minecraft.TracingExecutor.lambda$forName$1(TracingExecutor.java:18) ~[minecraft-patched-26.1.2.109.jar:?]
	at java.base/java.util.concurrent.ForkJoinTask$RunnableExecuteAction.compute(ForkJoinTask.java:1750) [?:?]
	at java.base/java.util.concurrent.ForkJoinTask$RunnableExecuteAction.compute(ForkJoinTask.java:1742) [?:?]
	at java.base/java.util.concurrent.ForkJoinTask$InterruptibleTask.exec(ForkJoinTask.java:1659) [?:?]
	at java.base/java.util.concurrent.ForkJoinTask.doExec(ForkJoinTask.java:511) [?:?]
	at java.base/java.util.concurrent.ForkJoinPool$WorkQueue.topLevelExec(ForkJoinPool.java:1450) [?:?]
	at java.base/java.util.concurrent.ForkJoinPool.runWorker(ForkJoinPool.java:2019) [?:?]
	at java.base/java.util.concurrent.ForkJoinWorkerThread.run(ForkJoinWorkerThread.java:187) [?:?]
[209月2026 21:37:41.830] [resourceLoad/ERROR] [net.minecraft.client.renderer.texture.atlas.SpriteResourceLoader/]: Unable to parse metadata from ae2:item/certus_quartz_crystal_charged
java.lang.IllegalStateException: zip file closed
	at java.base/java.util.zip.ZipFile.ensureOpen(ZipFile.java:826) ~[?:?]
	at java.base/java.util.zip.ZipFile.getInputStream(ZipFile.java:330) ~[?:?]
	at TRANSFORMER/minecraft@26.1.2/net.minecraft.server.packs.resources.IoSupplier.lambda$create$1(IoSupplier.java:17) ~[minecraft-patched-26.1.2.109.jar:?]
	at TRANSFORMER/minecraft@26.1.2/net.minecraft.server.packs.resources.FallbackResourceManager.parseMetadata(FallbackResourceManager.java:225) ~[minecraft-patched-26.1.2.109.jar:?]
	at TRANSFORMER/minecraft@26.1.2/net.minecraft.server.packs.resources.FallbackResourceManager.lambda$convertToMetadata$0(FallbackResourceManager.java:220) ~[minecraft-patched-26.1.2.109.jar:?]
	at TRANSFORMER/minecraft@26.1.2/net.minecraft.server.packs.resources.Resource.metadata(Resource.java:54) ~[minecraft-patched-26.1.2.109.jar:?]
	at TRANSFORMER/minecraft@26.1.2/net.minecraft.client.renderer.texture.atlas.SpriteResourceLoader.lambda$create$0(SpriteResourceLoader.java:35) ~[minecraft-patched-26.1.2.109.jar:?]
	at TRANSFORMER/minecraft@26.1.2/net.minecraft.client.renderer.texture.atlas.SpriteResourceLoader.loadSprite(SpriteResourceLoader.java:76) ~[minecraft-patched-26.1.2.109.jar:?]
	at TRANSFORMER/minecraft@26.1.2/net.minecraft.client.renderer.texture.atlas.SpriteSource$Output.lambda$add$0(SpriteSource.java:37) ~[minecraft-patched-26.1.2.109.jar:?]
	at TRANSFORMER/minecraft@26.1.2/net.minecraft.client.renderer.texture.SpriteLoader.lambda$runSpriteSuppliers$1(SpriteLoader.java:123) ~[minecraft-patched-26.1.2.109.jar:?]
	at java.base/java.util.concurrent.CompletableFuture$AsyncSupply.run(CompletableFuture.java:1789) ~[?:?]
	at TRANSFORMER/minecraft@26.1.2/net.minecraft.server.packs.resources.SimpleReloadInstance.lambda$prepareTasks$1(SimpleReloadInstance.java:68) ~[minecraft-patched-26.1.2.109.jar:?]
	at TRANSFORMER/minecraft@26.1.2/net.minecraft.TracingExecutor.lambda$forName$1(TracingExecutor.java:18) ~[minecraft-patched-26.1.2.109.jar:?]
	at java.base/java.util.concurrent.ForkJoinTask$RunnableExecuteAction.compute(ForkJoinTask.java:1750) [?:?]
	at java.base/java.util.concurrent.ForkJoinTask$RunnableExecuteAction.compute(ForkJoinTask.java:1742) [?:?]
	at java.base/java.util.concurrent.ForkJoinTask$InterruptibleTask.exec(ForkJoinTask.java:1659) [?:?]
	at java.base/java.util.concurrent.ForkJoinTask.doExec(ForkJoinTask.java:511) [?:?]
	at java.base/java.util.concurrent.ForkJoinPool$WorkQueue.topLevelExec(ForkJoinPool.java:1450) [?:?]
	at java.base/java.util.concurrent.ForkJoinPool.runWorker(ForkJoinPool.java:2019) [?:?]
	at java.base/java.util.concurrent.ForkJoinWorkerThread.run(ForkJoinWorkerThread.java:187) [?:?]
[209月2026 21:37:41.832] [resourceLoad/ERROR] [net.minecraft.client.renderer.texture.atlas.SpriteResourceLoader/]: Unable to parse metadata from ae2:item/fluix_crystal
java.lang.IllegalStateException: zip file closed
	at java.base/java.util.zip.ZipFile.ensureOpen(ZipFile.java:826) ~[?:?]
	at java.base/java.util.zip.ZipFile.getInputStream(ZipFile.java:330) ~[?:?]
	at TRANSFORMER/minecraft@26.1.2/net.minecraft.server.packs.resources.IoSupplier.lambda$create$1(IoSupplier.java:17) ~[minecraft-patched-26.1.2.109.jar:?]
	at TRANSFORMER/minecraft@26.1.2/net.minecraft.server.packs.resources.FallbackResourceManager.parseMetadata(FallbackResourceManager.java:225) ~[minecraft-patched-26.1.2.109.jar:?]
	at TRANSFORMER/minecraft@26.1.2/net.minecraft.server.packs.resources.FallbackResourceManager.lambda$convertToMetadata$0(FallbackResourceManager.java:220) ~[minecraft-patched-26.1.2.109.jar:?]
	at TRANSFORMER/minecraft@26.1.2/net.minecraft.server.packs.resources.Resource.metadata(Resource.java:54) ~[minecraft-patched-26.1.2.109.jar:?]
	at TRANSFORMER/minecraft@26.1.2/net.minecraft.client.renderer.texture.atlas.SpriteResourceLoader.lambda$create$0(SpriteResourceLoader.java:35) ~[minecraft-patched-26.1.2.109.jar:?]
	at TRANSFORMER/minecraft@26.1.2/net.minecraft.client.renderer.texture.atlas.SpriteResourceLoader.loadSprite(SpriteResourceLoader.java:76) ~[minecraft-patched-26.1.2.109.jar:?]
	at TRANSFORMER/minecraft@26.1.2/net.minecraft.client.renderer.texture.atlas.SpriteSource$Output.lambda$add$0(SpriteSource.java:37) ~[minecraft-patched-26.1.2.109.jar:?]
	at TRANSFORMER/minecraft@26.1.2/net.minecraft.client.renderer.texture.SpriteLoader.lambda$runSpriteSuppliers$1(SpriteLoader.java:123) ~[minecraft-patched-26.1.2.109.jar:?]
	at java.base/java.util.concurrent.CompletableFuture$AsyncSupply.run(CompletableFuture.java:1789) ~[?:?]
	at TRANSFORMER/minecraft@26.1.2/net.minecraft.server.packs.resources.SimpleReloadInstance.lambda$prepareTasks$1(SimpleReloadInstance.java:68) ~[minecraft-patched-26.1.2.109.jar:?]
	at TRANSFORMER/minecraft@26.1.2/net.minecraft.TracingExecutor.lambda$forName$1(TracingExecutor.java:18) ~[minecraft-patched-26.1.2.109.jar:?]
	at java.base/java.util.concurrent.ForkJoinTask$RunnableExecuteAction.compute(ForkJoinTask.java:1750) [?:?]
	at java.base/java.util.concurrent.ForkJoinTask$RunnableExecuteAction.compute(ForkJoinTask.java:1742) [?:?]
	at java.base/java.util.concurrent.ForkJoinTask$InterruptibleTask.exec(ForkJoinTask.java:1659) [?:?]
	at java.base/java.util.concurrent.ForkJoinTask.doExec(ForkJoinTask.java:511) [?:?]
	at java.base/java.util.concurrent.ForkJoinPool$WorkQueue.topLevelExec(ForkJoinPool.java:1450) [?:?]
	at java.base/java.util.concurrent.ForkJoinPool.runWorker(ForkJoinPool.java:2019) [?:?]
	at java.base/java.util.concurrent.ForkJoinWorkerThread.run(ForkJoinWorkerThread.java:187) [?:?]
[209月2026 21:37:41.832] [resourceLoad/ERROR] [net.minecraft.client.renderer.texture.atlas.SpriteResourceLoader/]: Unable to parse metadata from ae2:item/formation_core
java.lang.IllegalStateException: zip file closed
	at java.base/java.util.zip.ZipFile.ensureOpen(ZipFile.java:826) ~[?:?]
	at java.base/java.util.zip.ZipFile.getInputStream(ZipFile.java:330) ~[?:?]
	at TRANSFORMER/minecraft@26.1.2/net.minecraft.server.packs.resources.IoSupplier.lambda$create$1(IoSupplier.java:17) ~[minecraft-patched-26.1.2.109.jar:?]
	at TRANSFORMER/minecraft@26.1.2/net.minecraft.server.packs.resources.FallbackResourceManager.parseMetadata(FallbackResourceManager.java:225) ~[minecraft-patched-26.1.2.109.jar:?]
	at TRANSFORMER/minecraft@26.1.2/net.minecraft.server.packs.resources.FallbackResourceManager.lambda$convertToMetadata$0(FallbackResourceManager.java:220) ~[minecraft-patched-26.1.2.109.jar:?]
	at TRANSFORMER/minecraft@26.1.2/net.minecraft.server.packs.resources.Resource.metadata(Resource.java:54) ~[minecraft-patched-26.1.2.109.jar:?]
	at TRANSFORMER/minecraft@26.1.2/net.minecraft.client.renderer.texture.atlas.SpriteResourceLoader.lambda$create$0(SpriteResourceLoader.java:35) ~[minecraft-patched-26.1.2.109.jar:?]
	at TRANSFORMER/minecraft@26.1.2/net.minecraft.client.renderer.texture.atlas.SpriteResourceLoader.loadSprite(SpriteResourceLoader.java:76) ~[minecraft-patched-26.1.2.109.jar:?]
	at TRANSFORMER/minecraft@26.1.2/net.minecraft.client.renderer.texture.atlas.SpriteSource$Output.lambda$add$0(SpriteSource.java:37) ~[minecraft-patched-26.1.2.109.jar:?]
	at TRANSFORMER/minecraft@26.1.2/net.minecraft.client.renderer.texture.SpriteLoader.lambda$runSpriteSuppliers$1(SpriteLoader.java:123) ~[minecraft-patched-26.1.2.109.jar:?]
	at java.base/java.util.concurrent.CompletableFuture$AsyncSupply.run(CompletableFuture.java:1789) ~[?:?]
	at TRANSFORMER/minecraft@26.1.2/net.minecraft.server.packs.resources.SimpleReloadInstance.lambda$prepareTasks$1(SimpleReloadInstance.java:68) ~[minecraft-patched-26.1.2.109.jar:?]
	at TRANSFORMER/minecraft@26.1.2/net.minecraft.TracingExecutor.lambda$forName$1(TracingExecutor.java:18) ~[minecraft-patched-26.1.2.109.jar:?]
	at java.base/java.util.concurrent.ForkJoinTask$RunnableExecuteAction.compute(ForkJoinTask.java:1750) [?:?]
	at java.base/java.util.concurrent.ForkJoinTask$RunnableExecuteAction.compute(ForkJoinTask.java:1742) [?:?]
	at java.base/java.util.concurrent.ForkJoinTask$InterruptibleTask.exec(ForkJoinTask.java:1659) [?:?]
	at java.base/java.util.concurrent.ForkJoinTask.doExec(ForkJoinTask.java:511) [?:?]
	at java.base/java.util.concurrent.ForkJoinPool$WorkQueue.topLevelExec(ForkJoinPool.java:1450) [?:?]
	at java.base/java.util.concurrent.ForkJoinPool.runWorker(ForkJoinPool.java:2019) [?:?]
	at java.base/java.util.concurrent.ForkJoinWorkerThread.run(ForkJoinWorkerThread.java:187) [?:?]
[209月2026 21:37:41.858] [resourceLoad/ERROR] [net.minecraft.client.renderer.texture.atlas.SpriteResourceLoader/]: Unable to parse metadata from minecraft:block/lines
java.lang.IllegalStateException: zip file closed
	at java.base/java.util.zip.ZipFile.ensureOpen(ZipFile.java:826) ~[?:?]
	at java.base/java.util.zip.ZipFile.getInputStream(ZipFile.java:330) ~[?:?]
	at TRANSFORMER/minecraft@26.1.2/net.minecraft.server.packs.resources.IoSupplier.lambda$create$1(IoSupplier.java:17) ~[minecraft-patched-26.1.2.109.jar:?]
	at TRANSFORMER/minecraft@26.1.2/net.minecraft.server.packs.resources.FallbackResourceManager.parseMetadata(FallbackResourceManager.java:225) ~[minecraft-patched-26.1.2.109.jar:?]
	at TRANSFORMER/minecraft@26.1.2/net.minecraft.server.packs.resources.FallbackResourceManager.lambda$convertToMetadata$0(FallbackResourceManager.java:220) ~[minecraft-patched-26.1.2.109.jar:?]
	at TRANSFORMER/minecraft@26.1.2/net.minecraft.server.packs.resources.Resource.metadata(Resource.java:54) ~[minecraft-patched-26.1.2.109.jar:?]
	at TRANSFORMER/minecraft@26.1.2/net.minecraft.client.renderer.texture.atlas.SpriteResourceLoader.lambda$create$0(SpriteResourceLoader.java:35) ~[minecraft-patched-26.1.2.109.jar:?]
	at TRANSFORMER/minecraft@26.1.2/net.minecraft.client.renderer.texture.atlas.SpriteResourceLoader.loadSprite(SpriteResourceLoader.java:76) ~[minecraft-patched-26.1.2.109.jar:?]
	at TRANSFORMER/minecraft@26.1.2/net.minecraft.client.renderer.texture.atlas.SpriteSource$Output.lambda$add$0(SpriteSource.java:37) ~[minecraft-patched-26.1.2.109.jar:?]
	at TRANSFORMER/minecraft@26.1.2/net.minecraft.client.renderer.texture.SpriteLoader.lambda$runSpriteSuppliers$1(SpriteLoader.java:123) ~[minecraft-patched-26.1.2.109.jar:?]
	at java.base/java.util.concurrent.CompletableFuture$AsyncSupply.run(CompletableFuture.java:1789) ~[?:?]
	at TRANSFORMER/minecraft@26.1.2/net.minecraft.server.packs.resources.SimpleReloadInstance.lambda$prepareTasks$1(SimpleReloadInstance.java:68) ~[minecraft-patched-26.1.2.109.jar:?]
	at TRANSFORMER/minecraft@26.1.2/net.minecraft.TracingExecutor.lambda$forName$1(TracingExecutor.java:18) ~[minecraft-patched-26.1.2.109.jar:?]
	at java.base/java.util.concurrent.ForkJoinTask$RunnableExecuteAction.compute(ForkJoinTask.java:1750) [?:?]
	at java.base/java.util.concurrent.ForkJoinTask$RunnableExecuteAction.compute(ForkJoinTask.java:1742) [?:?]
	at java.base/java.util.concurrent.ForkJoinTask$InterruptibleTask.exec(ForkJoinTask.java:1659) [?:?]
	at java.base/java.util.concurrent.ForkJoinTask.doExec(ForkJoinTask.java:511) [?:?]
	at java.base/java.util.concurrent.ForkJoinPool$WorkQueue.topLevelExec(ForkJoinPool.java:1450) [?:?]
	at java.base/java.util.concurrent.ForkJoinPool.runWorker(ForkJoinPool.java:2019) [?:?]
	at java.base/java.util.concurrent.ForkJoinWorkerThread.run(ForkJoinWorkerThread.java:187) [?:?]
[209月2026 21:37:41.862] [resourceLoad/ERROR] [net.minecraft.client.renderer.texture.atlas.SpriteResourceLoader/]: Unable to parse metadata from minecraft:block/magma_glow_faint
java.lang.IllegalStateException: zip file closed
	at java.base/java.util.zip.ZipFile.ensureOpen(ZipFile.java:826) ~[?:?]
	at java.base/java.util.zip.ZipFile.getInputStream(ZipFile.java:330) ~[?:?]
	at TRANSFORMER/minecraft@26.1.2/net.minecraft.server.packs.resources.IoSupplier.lambda$create$1(IoSupplier.java:17) ~[minecraft-patched-26.1.2.109.jar:?]
	at TRANSFORMER/minecraft@26.1.2/net.minecraft.server.packs.resources.FallbackResourceManager.parseMetadata(FallbackResourceManager.java:225) ~[minecraft-patched-26.1.2.109.jar:?]
	at TRANSFORMER/minecraft@26.1.2/net.minecraft.server.packs.resources.FallbackResourceManager.lambda$convertToMetadata$0(FallbackResourceManager.java:220) ~[minecraft-patched-26.1.2.109.jar:?]
	at TRANSFORMER/minecraft@26.1.2/net.minecraft.server.packs.resources.Resource.metadata(Resource.java:54) ~[minecraft-patched-26.1.2.109.jar:?]
	at TRANSFORMER/minecraft@26.1.2/net.minecraft.client.renderer.texture.atlas.SpriteResourceLoader.lambda$create$0(SpriteResourceLoader.java:35) ~[minecraft-patched-26.1.2.109.jar:?]
	at TRANSFORMER/minecraft@26.1.2/net.minecraft.client.renderer.texture.atlas.SpriteResourceLoader.loadSprite(SpriteResourceLoader.java:76) ~[minecraft-patched-26.1.2.109.jar:?]
	at TRANSFORMER/minecraft@26.1.2/net.minecraft.client.renderer.texture.atlas.SpriteSource$Output.lambda$add$0(SpriteSource.java:37) ~[minecraft-patched-26.1.2.109.jar:?]
	at TRANSFORMER/minecraft@26.1.2/net.minecraft.client.renderer.texture.SpriteLoader.lambda$runSpriteSuppliers$1(SpriteLoader.java:123) ~[minecraft-patched-26.1.2.109.jar:?]
	at java.base/java.util.concurrent.CompletableFuture$AsyncSupply.run(CompletableFuture.java:1789) ~[?:?]
	at TRANSFORMER/minecraft@26.1.2/net.minecraft.server.packs.resources.SimpleReloadInstance.lambda$prepareTasks$1(SimpleReloadInstance.java:68) ~[minecraft-patched-26.1.2.109.jar:?]
	at TRANSFORMER/minecraft@26.1.2/net.minecraft.TracingExecutor.lambda$forName$1(TracingExecutor.java:18) ~[minecraft-patched-26.1.2.109.jar:?]
	at java.base/java.util.concurrent.ForkJoinTask$RunnableExecuteAction.compute(ForkJoinTask.java:1750) [?:?]
	at java.base/java.util.concurrent.ForkJoinTask$RunnableExecuteAction.compute(ForkJoinTask.java:1742) [?:?]
	at java.base/java.util.concurrent.ForkJoinTask$InterruptibleTask.exec(ForkJoinTask.java:1659) [?:?]
	at java.base/java.util.concurrent.ForkJoinTask.doExec(ForkJoinTask.java:511) [?:?]
	at java.base/java.util.concurrent.ForkJoinPool$WorkQueue.topLevelExec(ForkJoinPool.java:1450) [?:?]
	at java.base/java.util.concurrent.ForkJoinPool.runWorker(ForkJoinPool.java:2019) [?:?]
	at java.base/java.util.concurrent.ForkJoinWorkerThread.run(ForkJoinWorkerThread.java:187) [?:?]
[209月2026 21:37:41.860] [resourceLoad/ERROR] [net.minecraft.client.renderer.texture.atlas.SpriteResourceLoader/]: Unable to parse metadata from minecraft:block/magma_glow
java.lang.IllegalStateException: zip file closed
	at java.base/java.util.zip.ZipFile.ensureOpen(ZipFile.java:826) ~[?:?]
	at java.base/java.util.zip.ZipFile.getInputStream(ZipFile.java:330) ~[?:?]
	at TRANSFORMER/minecraft@26.1.2/net.minecraft.server.packs.resources.IoSupplier.lambda$create$1(IoSupplier.java:17) ~[minecraft-patched-26.1.2.109.jar:?]
	at TRANSFORMER/minecraft@26.1.2/net.minecraft.server.packs.resources.FallbackResourceManager.parseMetadata(FallbackResourceManager.java:225) ~[minecraft-patched-26.1.2.109.jar:?]
	at TRANSFORMER/minecraft@26.1.2/net.minecraft.server.packs.resources.FallbackResourceManager.lambda$convertToMetadata$0(FallbackResourceManager.java:220) ~[minecraft-patched-26.1.2.109.jar:?]
	at TRANSFORMER/minecraft@26.1.2/net.minecraft.server.packs.resources.Resource.metadata(Resource.java:54) ~[minecraft-patched-26.1.2.109.jar:?]
	at TRANSFORMER/minecraft@26.1.2/net.minecraft.client.renderer.texture.atlas.SpriteResourceLoader.lambda$create$0(SpriteResourceLoader.java:35) ~[minecraft-patched-26.1.2.109.jar:?]
	at TRANSFORMER/minecraft@26.1.2/net.minecraft.client.renderer.texture.atlas.SpriteResourceLoader.loadSprite(SpriteResourceLoader.java:76) ~[minecraft-patched-26.1.2.109.jar:?]
	at TRANSFORMER/minecraft@26.1.2/net.minecraft.client.renderer.texture.atlas.SpriteSource$Output.lambda$add$0(SpriteSource.java:37) ~[minecraft-patched-26.1.2.109.jar:?]
	at TRANSFORMER/minecraft@26.1.2/net.minecraft.client.renderer.texture.SpriteLoader.lambda$runSpriteSuppliers$1(SpriteLoader.java:123) ~[minecraft-patched-26.1.2.109.jar:?]
	at java.base/java.util.concurrent.CompletableFuture$AsyncSupply.run(CompletableFuture.java:1789) ~[?:?]
	at TRANSFORMER/minecraft@26.1.2/net.minecraft.server.packs.resources.SimpleReloadInstance.lambda$prepareTasks$1(SimpleReloadInstance.java:68) ~[minecraft-patched-26.1.2.109.jar:?]
	at TRANSFORMER/minecraft@26.1.2/net.minecraft.TracingExecutor.lambda$forName$1(TracingExecutor.java:18) ~[minecraft-patched-26.1.2.109.jar:?]
	at java.base/java.util.concurrent.ForkJoinTask$RunnableExecuteAction.compute(ForkJoinTask.java:1750) [?:?]
	at java.base/java.util.concurrent.ForkJoinTask$RunnableExecuteAction.compute(ForkJoinTask.java:1742) [?:?]
	at java.base/java.util.concurrent.ForkJoinTask$InterruptibleTask.exec(ForkJoinTask.java:1659) [?:?]
	at java.base/java.util.concurrent.ForkJoinTask.doExec(ForkJoinTask.java:511) [?:?]
	at java.base/java.util.concurrent.ForkJoinPool$WorkQueue.topLevelExec(ForkJoinPool.java:1450) [?:?]
	at java.base/java.util.concurrent.ForkJoinPool.runWorker(ForkJoinPool.java:2019) [?:?]
	at java.base/java.util.concurrent.ForkJoinWorkerThread.run(ForkJoinWorkerThread.java:187) [?:?]
